2026-01-16 10:48:43,587 | INFO | uvicorn.error | Started server process [13736]
2026-01-16 10:48:43,587 | INFO | uvicorn.error | Waiting for application startup.
2026-01-16 10:48:43,589 | INFO | uvicorn.error | Application startup complete.
2026-01-16 10:49:56,291 | INFO | uvicorn.access | 127.0.0.1:56648 - "POST /todos HTTP/1.1" 500
2026-01-16 10:49:56,294 | ERROR | uvicorn.error | Exception in ASGI application
Traceback (most recent call last):
  File "C:\coding\week3_개발\workspace\FastAPIProject\crud_Test\.venv\Lib\site-packages\uvicorn\protocols\http\h11_impl.py", line 410, in run_asgi
    result = await app(  # type: ignore[func-returns-value]
             ^^^^^^^^^^^^^^^^^^^^^^^^^^^^^^^^^^^^^^^^^^^^^^
        self.scope, self.receive, self.send
        ^^^^^^^^^^^^^^^^^^^^^^^^^^^^^^^^^^^
    )
    ^
  File "C:\coding\week3_개발\workspace\FastAPIProject\crud_Test\.venv\Lib\site-packages\uvicorn\middleware\proxy_headers.py", line 60, in __call__
    return await self.app(scope, receive, send)
           ^^^^^^^^^^^^^^^^^^^^^^^^^^^^^^^^^^^^
  File "C:\coding\week3_개발\workspace\FastAPIProject\crud_Test\.venv\Lib\site-packages\fastapi\applications.py", line 1135, in __call__
    await super().__call__(scope, receive, send)
  File "C:\coding\week3_개발\workspace\FastAPIProject\crud_Test\.venv\Lib\site-packages\starlette\applications.py", line 107, in __call__
    await self.middleware_stack(scope, receive, send)
  File "C:\coding\week3_개발\workspace\FastAPIProject\crud_Test\.venv\Lib\site-packages\starlette\middleware\errors.py", line 186, in __call__
    raise exc
  File "C:\coding\week3_개발\workspace\FastAPIProject\crud_Test\.venv\Lib\site-packages\starlette\middleware\errors.py", line 164, in __call__
    await self.app(scope, receive, _send)
  File "C:\coding\week3_개발\workspace\FastAPIProject\crud_Test\.venv\Lib\site-packages\starlette\middleware\exceptions.py", line 63, in __call__
    await wrap_app_handling_exceptions(self.app, conn)(scope, receive, send)
  File "C:\coding\week3_개발\workspace\FastAPIProject\crud_Test\.venv\Lib\site-packages\starlette\_exception_handler.py", line 53, in wrapped_app
    raise exc
  File "C:\coding\week3_개발\workspace\FastAPIProject\crud_Test\.venv\Lib\site-packages\starlette\_exception_handler.py", line 42, in wrapped_app
    await app(scope, receive, sender)
  File "C:\coding\week3_개발\workspace\FastAPIProject\crud_Test\.venv\Lib\site-packages\fastapi\middleware\asyncexitstack.py", line 18, in __call__
    await self.app(scope, receive, send)
  File "C:\coding\week3_개발\workspace\FastAPIProject\crud_Test\.venv\Lib\site-packages\starlette\routing.py", line 716, in __call__
    await self.middleware_stack(scope, receive, send)
  File "C:\coding\week3_개발\workspace\FastAPIProject\crud_Test\.venv\Lib\site-packages\starlette\routing.py", line 736, in app
    await route.handle(scope, receive, send)
  File "C:\coding\week3_개발\workspace\FastAPIProject\crud_Test\.venv\Lib\site-packages\starlette\routing.py", line 290, in handle
    await self.app(scope, receive, send)
  File "C:\coding\week3_개발\workspace\FastAPIProject\crud_Test\.venv\Lib\site-packages\fastapi\routing.py", line 115, in app
    await wrap_app_handling_exceptions(app, request)(scope, receive, send)
  File "C:\coding\week3_개발\workspace\FastAPIProject\crud_Test\.venv\Lib\site-packages\starlette\_exception_handler.py", line 53, in wrapped_app
    raise exc
  File "C:\coding\week3_개발\workspace\FastAPIProject\crud_Test\.venv\Lib\site-packages\starlette\_exception_handler.py", line 42, in wrapped_app
    await app(scope, receive, sender)
  File "C:\coding\week3_개발\workspace\FastAPIProject\crud_Test\.venv\Lib\site-packages\fastapi\routing.py", line 101, in app
    response = await f(request)
               ^^^^^^^^^^^^^^^^
  File "C:\coding\week3_개발\workspace\FastAPIProject\crud_Test\.venv\Lib\site-packages\fastapi\routing.py", line 355, in app
    raw_response = await run_endpoint_function(
                   ^^^^^^^^^^^^^^^^^^^^^^^^^^^^
    ...<3 lines>...
    )
    ^
  File "C:\coding\week3_개발\workspace\FastAPIProject\crud_Test\.venv\Lib\site-packages\fastapi\routing.py", line 243, in run_endpoint_function
    return await dependant.call(**values)
           ^^^^^^^^^^^^^^^^^^^^^^^^^^^^^^
  File "C:\coding\week3_개발\workspace\FastAPIProject\crud_Test\main.py", line 101, in create_todo
    cursor.execute("SELECT id, content, created_at FROM todo WHERE id = %s", (todo_id,))
           ^^^^^^^^^^^^^^^^^^^^
  File "C:\coding\week3_개발\workspace\FastAPIProject\crud_Test\.venv\Lib\site-packages\starlette\requests.py", line 251, in json
    self._json = json.loads(body)
                 ~~~~~~~~~~^^^^^^
  File "C:\Users\rmwlr\AppData\Local\Programs\Python\Python314\Lib\json\__init__.py", line 346, in loads
    return _default_decoder.decode(s)
           ~~~~~~~~~~~~~~~~~~~~~~~^^^
  File "C:\Users\rmwlr\AppData\Local\Programs\Python\Python314\Lib\json\decoder.py", line 345, in decode
    obj, end = self.raw_decode(s, idx=_w(s, 0).end())
               ~~~~~~~~~~~~~~~^^^^^^^^^^^^^^^^^^^^^^^
  File "C:\Users\rmwlr\AppData\Local\Programs\Python\Python314\Lib\json\decoder.py", line 363, in raw_decode
    raise JSONDecodeError("Expecting value", s, err.value) from None
json.decoder.JSONDecodeError: Expecting value: line 1 column 1 (char 0)
2026-01-16 10:50:30,860 | INFO | root | 새로운 할 일 생성 완료: ID 9
2026-01-16 10:50:30,902 | INFO | uvicorn.access | 127.0.0.1:56660 - "POST /todos HTTP/1.1" 200
2026-01-16 10:51:00,194 | INFO | uvicorn.error | Shutting down
2026-01-16 10:51:00,304 | INFO | uvicorn.error | Waiting for application shutdown.
2026-01-16 10:51:00,305 | INFO | uvicorn.error | Application shutdown complete.
2026-01-16 10:51:00,307 | INFO | uvicorn.error | Finished server process [13736]
2026-01-16 10:51:03,583 | INFO | uvicorn.error | Started server process [19180]
2026-01-16 10:51:03,584 | INFO | uvicorn.error | Waiting for application startup.
2026-01-16 10:51:03,584 | INFO | uvicorn.error | Application startup complete.
2026-01-16 10:51:05,208 | ERROR | root | 제목이 없는 할 일 생성 시도: content missing
2026-01-16 10:51:05,209 | INFO | uvicorn.access | 127.0.0.1:56682 - "POST /todos HTTP/1.1" 400
2026-01-16 10:52:10,047 | INFO | uvicorn.error | Shutting down
2026-01-16 10:52:10,157 | INFO | uvicorn.error | Waiting for application shutdown.
2026-01-16 10:52:10,157 | INFO | uvicorn.error | Application shutdown complete.
2026-01-16 10:52:10,157 | INFO | uvicorn.error | Finished server process [19180]
